Reusing configuration cache.
> Task :app:preBuild UP-TO-DATE
> Task :app:preDebugBuild UP-TO-DATE
> Task :app:generateDebugResources UP-TO-DATE
> Task :app:generateDebugBuildConfig UP-TO-DATE
> Task :app:packageDebugResources UP-TO-DATE
> Task :app:processDebugNavigationResources UP-TO-DATE
> Task :app:parseDebugLocalResources UP-TO-DATE
> Task :app:generateDebugRFile UP-TO-DATE
> Task :app:kspDebugKotlin UP-TO-DATE

> Task :app:compileDebugKotlin FAILED
e: file:///D:/LOVE%20CLASS/app/src/main/java/com/strava_matematica/ui/folha/ExerciseField.kt:144:30 Unresolved reference 'showFormatHint'.
e: file:///D:/LOVE%20CLASS/app/src/main/java/com/strava_matematica/ui/folha/ExerciseField.kt:428:33 @Composable invocations can only happen from the context of a @Composable function
e: file:///D:/LOVE%20CLASS/app/src/main/java/com/strava_matematica/ui/folha/ExerciseField.kt:429:33 @Composable invocations can only happen from the context of a @Composable function
e: file:///D:/LOVE%20CLASS/app/src/main/java/com/strava_matematica/ui/folha/FolhaScreen.kt:265:37 No parameter with name 'showFormatHint' found.

FAILURE: Build failed with an exception.

* What went wrong:
Execution failed for task ':app:compileDebugKotlin'.
> A failure occurred while executing org.jetbrains.kotlin.compilerRunner.btapi.BuildToolsApiCompilationWork
   > Compilation error. See log for more details

* Try:
> Run with --stacktrace option to get the stack trace.
> Run with --info or --debug option to get more log output.
> Run with --scan to get full insights from a Build Scan (powered by Develocity).
> Get more help at https://help.gradle.org.

BUILD FAILED in 2s
8 actionable tasks: 1 executed, 7 up-to-date
Configuration cache entry reused.
